[sources.debian.net/src/dds/2.5.html]
[sources.debian.net/static/css/debian.css]
[sources.debian.net/static/css/base.css]
[backblue.gif]
[fade.gif]
[index.html]
[sources.debian.net/static/css/source_folder.css]
[sources.debian.net/static/img/debian-50.png]
[sources.debian.net/icons/Tango/22x22/places/folder.png]
[sources.debian.net/src/dds/2.5.2+ddd105-1/ddd.html]
[sources.debian.net/src/dds/2.5.2+ddd105-1/debian.html]
[sources.debian.net/src/dds/2.5.2+ddd105-1/python.html]
[sources.debian.net/src/dds/2.5.2+ddd105-1/DDS_alg_descr-revE4.html]
[sources.debian.net/icons/Tango/22x22/mimetypes/ascii.png]
[sources.debian.net/src/dds/2.5.2+ddd105-1/DDS_alg_descr-revE4-2.html]
[sources.debian.net/src/dds/2.5.2+ddd105-1/DLL-dds_252_t.html]
[sources.debian.net/src/dds/2.5.2+ddd105-1/DLL-dds_252_t-2.html]
[sources.debian.net/src/dds/2.5.2+ddd105-1/GPL.html]
[sources.debian.net/src/dds/2.5.2+ddd105-1/Makefile.html]
[sources.debian.net/src/dds/2.5.2+ddd105-1/dds.html]
[sources.debian.net/src/dds/2.5.2+ddd105-1/dll.html]
[sources.debian.net/src/dds/2.5.2+ddd105-1/mode2.html]
[sources.debian.net/src/dds/2.5.2+ddd105-1/readme.html]
[sources.debian.net/src/dds/2.5.2+ddd105-1/release_notes.html]
[sources.debian.net/static/img/irill.png]
[sources.debian.net/src/dds/2.5.html]
[sources.debian.net/static/img/gradient.png]
[sources.debian.net/static/css/Pics/emblem-downloads.png]
[sources.debian.net/static/css/Pics/admon-tip.png]
[sources.debian.net/static/css/Pics/admon-important.png]
[sources.debian.net/static/css/Pics/admon-warning.png]
[sources.debian.net/static/css/Pics/admon-note.png]
[sources.debian.net/static/css/debian.css]
[sources.debian.net/static/css/base.css]
[sources.debian.net/static/css/source_folder.css]
[sources.debian.net/src/dds/2.5.2+ddd105-1/ddd/Makefile.html]
[sources.debian.net/src/dds/2.5.2+ddd105-1/ddd/copying.html]
[sources.debian.net/src/dds/2.5.2+ddd105-1/ddd/ddd.html]
[sources.debian.net/src/dds/2.5.2+ddd105-1/ddd/deals.html]
[sources.debian.net/src/dds/2.5.2+ddd105-1/ddd/defs.html]
[sources.debian.net/src/dds/2.5.2+ddd105-1/ddd/defs-2.html]
[sources.debian.net/src/dds/2.5.2+ddd105-1/ddd/giblib.html]
[sources.debian.net/src/dds/2.5.2+ddd105-1/ddd/giblib-2.html]
[sources.debian.net/src/dds/2.5.2+ddd105-1/ddd/license.html]
[sources.debian.net/src/dds/2.5.2+ddd105-1/ddd/readme.html]
[sources.debian.net/src/dds/2.5.2+ddd105-1/ddd/rng.html]
[sources.debian.net/src/dds/2.5.2+ddd105-1/ddd/rng-2.html]
[sources.debian.net/src/dds/2.5.2+ddd105-1/ddd/test.html]
[sources.debian.net/src/dds/2.5.2+ddd105-1/ddd/timer.html]
[sources.debian.net/src/dds/2.5.2+ddd105-1/ddd/timer-2.html]
[sources.debian.net/src/dds/2.5.2+ddd105-1/ddd.html]
[sources.debian.net/src/dds/2.5.2+ddd105-1/debian/patches.html]
[sources.debian.net/src/dds/2.5.2+ddd105-1/debian/source.html]
[sources.debian.net/src/dds/2.5.2+ddd105-1/debian/README.html]
[sources.debian.net/src/dds/2.5.2+ddd105-1/debian/README-2.html]
[sources.debian.net/src/dds/2.5.2+ddd105-1/debian/SolveBoard.html]
[sources.debian.net/src/dds/2.5.2+ddd105-1/debian/changelog.html]
[sources.debian.net/src/dds/2.5.2+ddd105-1/debian/compat.html]
[sources.debian.net/src/dds/2.5.2+ddd105-1/debian/control.html]
[sources.debian.net/src/dds/2.5.2+ddd105-1/debian/copyright.html]
[sources.debian.net/src/dds/2.5.2+ddd105-1/debian/dds.html]
[sources.debian.net/src/dds/2.5.2+ddd105-1/debian/dds-2.html]
[sources.debian.net/src/dds/2.5.2+ddd105-1/debian/dds-3.html]
[sources.debian.net/src/dds/2.5.2+ddd105-1/debian/dds-4.html]
[sources.debian.net/src/dds/2.5.2+ddd105-1/debian/libdds-dev.html]
[sources.debian.net/src/dds/2.5.2+ddd105-1/debian/libdds-dev-2.html]
[sources.debian.net/src/dds/2.5.2+ddd105-1/debian/python-pydds.html]
[sources.debian.net/src/dds/2.5.2+ddd105-1/debian/rules.html]
[sources.debian.net/src/dds/2.5.2+ddd105-1/debian/watch.html]
[sources.debian.net/src/dds/2.5.2+ddd105-1/debian.html]
[sources.debian.net/src/dds/2.5.2+ddd105-1/python/pydds.html]
[sources.debian.net/src/dds/2.5.2+ddd105-1/python/setup.html]
[sources.debian.net/src/dds/2.5.2+ddd105-1/python/t1.html]
[sources.debian.net/src/dds/2.5.2+ddd105-1/python/trydds.html]
[sources.debian.net/src/dds/2.5.2+ddd105-1/python.html]
[sources.debian.net/javascript/highlight/styles/googlecode.css]
[sources.debian.net/static/css/source_file.css]
[sources.debian.net/src/dds/2.5.2+ddd105-1/DDS_alg_descr-revE4.html]
[sources.debian.net/src/dds/2.5.2+ddd105-1/DDS_alg_descr-revE4-2.html]
[sources.debian.net/src/dds/2.5.2+ddd105-1/DLL-dds_252_t.html]
[sources.debian.net/src/dds/2.5.2+ddd105-1/DLL-dds_252_t-2.html]
[sources.debian.net/src/dds/2.5.2+ddd105-1/GPL.html]
[sources.debian.net/src/dds/2.5.2+ddd105-1/Makefile.html]
[sources.debian.net/src/dds/2.5.2+ddd105-1/dds.html]
[sources.debian.net/src/dds/2.5.2+ddd105-1/dll.html]
[sources.debian.net/src/dds/2.5.2+ddd105-1/mode2.html]
[sources.debian.net/src/dds/2.5.2+ddd105-1/readme.html]
[sources.debian.net/src/dds/2.5.2+ddd105-1/release_notes.html]
[sources.debian.net/static/css/Pics/emblem-downloads.html]
[sources.debian.net/static/css/Pics/admon-tip.html]
[sources.debian.net/static/css/Pics/admon-important.html]
[sources.debian.net/static/css/Pics/admon-warning.html]
[sources.debian.net/static/css/Pics/admon-note.html]
[sources.debian.net/src/dds/2.5.2+ddd105-1/ddd/Makefile.html]
[sources.debian.net/src/dds/2.5.2+ddd105-1/ddd/copying.html]
[sources.debian.net/src/dds/2.5.2+ddd105-1/ddd/ddd.html]
[sources.debian.net/src/dds/2.5.2+ddd105-1/ddd/deals.html]
[sources.debian.net/src/dds/2.5.2+ddd105-1/ddd/defs.html]
[sources.debian.net/src/dds/2.5.2+ddd105-1/ddd/defs-2.html]
[sources.debian.net/src/dds/2.5.2+ddd105-1/ddd/giblib.html]
[sources.debian.net/src/dds/2.5.2+ddd105-1/ddd/giblib-2.html]
[sources.debian.net/src/dds/2.5.2+ddd105-1/ddd/license.html]
[sources.debian.net/src/dds/2.5.2+ddd105-1/ddd/readme.html]
[sources.debian.net/src/dds/2.5.2+ddd105-1/ddd/rng.html]
[sources.debian.net/src/dds/2.5.2+ddd105-1/ddd/rng-2.html]
[sources.debian.net/src/dds/2.5.2+ddd105-1/ddd/test.html]
[sources.debian.net/src/dds/2.5.2+ddd105-1/ddd/timer.html]
[sources.debian.net/src/dds/2.5.2+ddd105-1/ddd/timer-2.html]
[sources.debian.net/src/dds/2.5.2+ddd105-1/debian/patches/ddd-dds120.html]
[sources.debian.net/src/dds/2.5.2+ddd105-1/debian/patches/ddd-exitcode.html]
[sources.debian.net/src/dds/2.5.2+ddd105-1/debian/patches/ddd-fix-testsuite.html]
[sources.debian.net/src/dds/2.5.2+ddd105-1/debian/patches/ddd-gibware-url.html]
[sources.debian.net/javascript/highlight/highlight.pack.js]
[sources.debian.net/src/dds/2.5.2+ddd105-1/debian/patches/ddd-initstart.html]
[sources.debian.net/src/dds/2.5.2+ddd105-1/debian/patches/ddd-openmp.html]
[sources.debian.net/src/dds/2.5.2+ddd105-1/debian/patches/dll.html]
[sources.debian.net/src/dds/2.5.2+ddd105-1/debian/patches/makefile-gnu99.html]
[sources.debian.net/src/dds/2.5.2+ddd105-1/debian/patches/pydds-dds120.html]
[sources.debian.net/src/dds/2.5.2+ddd105-1/debian/patches/pydds-initstart.html]
[sources.debian.net/src/dds/2.5.2+ddd105-1/debian/patches/python-keywords.html]
[sources.debian.net/src/dds/2.5.2+ddd105-1/debian/patches/sanitize-trydds.html]
[sources.debian.net/src/dds/2.5.2+ddd105-1/debian/patches/series.html]
[sources.debian.net/src/dds/2.5.2+ddd105-1/debian/patches.html]
[sources.debian.net/src/dds/2.5.2+ddd105-1/debian/source/format.html]
[sources.debian.net/src/dds/2.5.2+ddd105-1/debian/source.html]
[sources.debian.net/src/dds/2.5.2+ddd105-1/debian/README.html]
[sources.debian.net/src/dds/2.5.2+ddd105-1/debian/README-2.html]
[sources.debian.net/src/dds/2.5.2+ddd105-1/debian/SolveBoard.html]
[sources.debian.net/src/dds/2.5.2+ddd105-1/debian/changelog.html]
[sources.debian.net/src/dds/2.5.2+ddd105-1/debian/compat.html]
[sources.debian.net/src/dds/2.5.2+ddd105-1/debian/control.html]
[sources.debian.net/src/dds/2.5.2+ddd105-1/debian/copyright.html]
[sources.debian.net/src/dds/2.5.2+ddd105-1/debian/dds.html]
[sources.debian.net/src/dds/2.5.2+ddd105-1/debian/dds-2.html]
[sources.debian.net/src/dds/2.5.2+ddd105-1/debian/dds-3.html]
[sources.debian.net/src/dds/2.5.2+ddd105-1/debian/dds-4.html]
[sources.debian.net/src/dds/2.5.2+ddd105-1/debian/libdds-dev.html]
[sources.debian.net/src/dds/2.5.2+ddd105-1/debian/libdds-dev-2.html]
[sources.debian.net/src/dds/2.5.2+ddd105-1/debian/python-pydds.html]
[sources.debian.net/src/dds/2.5.2+ddd105-1/debian/rules.html]
[sources.debian.net/src/dds/2.5.2+ddd105-1/debian/watch.html]
[sources.debian.net/src/dds/2.5.2+ddd105-1/python/pydds.html]
[sources.debian.net/src/dds/2.5.2+ddd105-1/python/setup.html]
[sources.debian.net/src/dds/2.5.2+ddd105-1/python/t1.html]
[sources.debian.net/src/dds/2.5.2+ddd105-1/python/trydds.html]
[sources.debian.net/javascript/highlight/styles/googlecode.css]
[sources.debian.net/static/css/source_file.css]
[sources.debian.net/src/dds/2.5.2+ddd105-1/debian/patches/ddd-dds120.html]
[sources.debian.net/src/dds/2.5.2+ddd105-1/debian/patches/ddd-exitcode.html]
[sources.debian.net/src/dds/2.5.2+ddd105-1/debian/patches/ddd-fix-testsuite.html]
[sources.debian.net/src/dds/2.5.2+ddd105-1/debian/patches/ddd-gibware-url.html]
[sources.debian.net/src/dds/2.5.2+ddd105-1/debian/patches/ddd-initstart.html]
[sources.debian.net/src/dds/2.5.2+ddd105-1/debian/patches/ddd-openmp.html]
[sources.debian.net/src/dds/2.5.2+ddd105-1/debian/patches/dll.html]
[sources.debian.net/src/dds/2.5.2+ddd105-1/debian/patches/makefile-gnu99.html]
[sources.debian.net/src/dds/2.5.2+ddd105-1/debian/patches/pydds-dds120.html]
[sources.debian.net/src/dds/2.5.2+ddd105-1/debian/patches/pydds-initstart.html]
[sources.debian.net/src/dds/2.5.2+ddd105-1/debian/patches/python-keywords.html]
[sources.debian.net/src/dds/2.5.2+ddd105-1/debian/patches/sanitize-trydds.html]
[sources.debian.net/src/dds/2.5.2+ddd105-1/debian/patches/series.html]
[sources.debian.net/src/dds/2.5.2+ddd105-1/debian/source/format.html]
